src/App.tsx(90,11): error TS2322: Type '{ isActive: boolean; canGoBack: boolean; onBack: () => void; }' is not assignable to type 'IntrinsicAttributes & ContactProps'.
  Property 'canGoBack' does not exist on type 'IntrinsicAttributes & ContactProps'.
src/components/Contact.tsx(2,21): error TS2307: Cannot find module '@emailjs/browser' or its corresponding type declarations.
src/components/Contact.tsx(56,23): error TS2339: Property 'env' does not exist on type 'ImportMeta'.
src/components/Contact.tsx(57,23): error TS2339: Property 'env' does not exist on type 'ImportMeta'.
src/components/Contact.tsx(59,36): error TS2339: Property 'env' does not exist on type 'ImportMeta'.
